// Jest Snapshot v1, https://goo.gl/fbAQLP

exports[`testing CountryList component should match with snapshot 1`] = `
<div>
  <div
    class="countryList"
  >
    <table
      class="table align-middle"
    >
      <thead>
        <tr>
          <th
            scope="col"
          >
            Flag
          </th>
          <th
            scope="col"
          >
            Name
          </th>
          <th
            scope="col"
          >
            Population
          </th>
          <th
            scope="col"
          >
            Area (km2)
          </th>
          <th
            class="d-none d-lg-table-cell"
            scope="col"
          >
            Region
          </th>
        </tr>
      </thead>
      <tbody
        class="table-group-divider"
        style="border-top: 1px solid #272a2f;"
      >
        <tr>
          <td>
            <img
              class="flagImage"
              src="https://example.com/flags/test0.svg"
            />
          </td>
          <td>
            Country 1
          </td>
          <td>
            10000
          </td>
          <td>
            10
          </td>
          <td
            class="d-none d-lg-table-cell"
          >
            regionTest0
          </td>
        </tr>
        <tr>
          <td>
            <img
              class="flagImage"
              src="https://example.com/flags/test1.svg"
            />
          </td>
          <td>
            Country 2
          </td>
          <td>
            20000
          </td>
          <td>
            20
          </td>
          <td
            class="d-none d-lg-table-cell"
          >
            regionTest1
          </td>
        </tr>
        <tr>
          <td>
            <img
              class="flagImage"
              src="https://example.com/flags/test2.svg"
            />
          </td>
          <td>
            Country 3
          </td>
          <td>
            30000
          </td>
          <td>
            30
          </td>
          <td
            class="d-none d-lg-table-cell"
          >
            regionTest2
          </td>
        </tr>
        <tr>
          <td>
            <img
              class="flagImage"
              src="https://example.com/flags/test3.svg"
            />
          </td>
          <td>
            Country 4
          </td>
          <td>
            40000
          </td>
          <td>
            40
          </td>
          <td
            class="d-none d-lg-table-cell"
          >
            regionTest3
          </td>
        </tr>
        <tr>
          <td>
            <img
              class="flagImage"
              src="https://example.com/flags/test4.svg"
            />
          </td>
          <td>
            Country 5
          </td>
          <td>
            50000
          </td>
          <td>
            50
          </td>
          <td
            class="d-none d-lg-table-cell"
          >
            regionTest4
          </td>
        </tr>
        <tr>
          <td>
            <img
              class="flagImage"
              src="https://example.com/flags/test5.svg"
            />
          </td>
          <td>
            Country 6
          </td>
          <td>
            60000
          </td>
          <td>
            60
          </td>
          <td
            class="d-none d-lg-table-cell"
          >
            regionTest5
          </td>
        </tr>
        <tr>
          <td>
            <img
              class="flagImage"
              src="https://example.com/flags/test6.svg"
            />
          </td>
          <td>
            Country 7
          </td>
          <td>
            70000
          </td>
          <td>
            70
          </td>
          <td
            class="d-none d-lg-table-cell"
          >
            regionTest6
          </td>
        </tr>
        <tr>
          <td>
            <img
              class="flagImage"
              src="https://example.com/flags/test7.svg"
            />
          </td>
          <td>
            Country 8
          </td>
          <td>
            80000
          </td>
          <td>
            80
          </td>
          <td
            class="d-none d-lg-table-cell"
          >
            regionTest7
          </td>
        </tr>
        <tr>
          <td>
            <img
              class="flagImage"
              src="https://example.com/flags/test8.svg"
            />
          </td>
          <td>
            Country 9
          </td>
          <td>
            90000
          </td>
          <td>
            90
          </td>
          <td
            class="d-none d-lg-table-cell"
          >
            regionTest8
          </td>
        </tr>
        <tr>
          <td>
            <img
              class="flagImage"
              src="https://example.com/flags/test9.svg"
            />
          </td>
          <td>
            Country 10
          </td>
          <td>
            100000
          </td>
          <td>
            100
          </td>
          <td
            class="d-none d-lg-table-cell"
          >
            regionTest9
          </td>
        </tr>
      </tbody>
    </table>
    <div
      class="pagination"
    >
      <button
        class="paginationButton"
        disabled=""
      >
        Previous
      </button>
      <span
        class="paginationInfo"
      >
        Page 
        1
         of 
        2
      </span>
      <button
        class="paginationButton"
      >
        Next
      </button>
    </div>
  </div>
</div>
`;
